
> tubemaster-ai-studio@0.0.0 build
> vite build

[36mvite v6.4.1 [32mbuilding for production...[36m[39m
transforming...
[32mΓ£ô[39m 3 modules transformed.
node.exe : [31mΓ£ù[39m Build 
failed in 505ms
At line:1 char:1
+ & "C:\Program 
Files\nodejs/node.exe" 
"C:\Users\blasc\AppData\Roaming\ 
...
+ ~~~~~~~~~~~~~~~~~~~~~~~~~~~~~~~
~~~~~~~~~~~~~~~~~~~~~~~~~~~~~~~~~
~~~~~
    + CategoryInfo          : No 
   tSpecified: ([31mΓ£ù[39m B  
  uild failed in 505ms:String)   
  [], RemoteException
    + FullyQualifiedErrorId : Na 
   tiveCommandError
 
[31merror during build:
[31m[vite:css] Failed to load 
PostCSS config (searchPath: C:/Us
ers/blasc/OneDrive/Desktop/TubeMa
ster): [Error] Loading PostCSS 
Plugin failed: Cannot find 
module '../lightningcss.win32-x64
-msvc.node'
Require stack:
- C:\Users\blasc\OneDrive\Desktop
\TubeMaster\node_modules\lightnin
gcss\node\index.js
- C:\Users\blasc\OneDrive\Desktop
\TubeMaster\node_modules\@tailwin
dcss\node\dist\index.js
- C:\Users\blasc\OneDrive\Desktop
\TubeMaster\node_modules\@tailwin
dcss\postcss\dist\index.js

(@C:\Users\blasc\OneDrive\Desktop
\TubeMaster\postcss.config.js)
Error: Loading PostCSS Plugin 
failed: Cannot find module '../li
ghtningcss.win32-x64-msvc.node'
Require stack:
- C:\Users\blasc\OneDrive\Desktop
\TubeMaster\node_modules\lightnin
gcss\node\index.js
- C:\Users\blasc\OneDrive\Desktop
\TubeMaster\node_modules\@tailwin
dcss\node\dist\index.js
- C:\Users\blasc\OneDrive\Desktop
\TubeMaster\node_modules\@tailwin
dcss\postcss\dist\index.js

(@C:\Users\blasc\OneDrive\Desktop
\TubeMaster\postcss.config.js)
    at load (file:///C:/Users/bla
sc/OneDrive/Desktop/TubeMaster/no
de_modules/vite/dist/node/chunks/
dep-D4NMHUTW.js:11776:11)
    at async Promise.all (index 
0)
    at async plugins (file:///C:/
Users/blasc/OneDrive/Desktop/Tube
Master/node_modules/vite/dist/nod
e/chunks/dep-D4NMHUTW.js:11805:12
)
    at async processResult (file:
///C:/Users/blasc/OneDrive/Deskto
p/TubeMaster/node_modules/vite/di
st/node/chunks/dep-D4NMHUTW.js:11
876:14)[31m
file: [36mC:/Users/blasc/OneDriv
e/Desktop/TubeMaster/index.css[3
1m
[39m
